// Jest Snapshot v1, https://goo.gl/fbAQLP

exports[`<BuySell/> renders and matches the snapshot 1`] = `
<Connect(SimpleUiWrapper)
  description="Select the amount you want to buy or sell, or click the custom button to buy or sell a different amount."
  pageClass="buy-sell"
  pageHeader="As easy as 1-2-3"
  title="Buy/Sell"
>
  <div
    className="ui-controls"
  >
    <BuySellSelector
      currencyName="BTC"
      onChange={[Function]}
      value="buy"
    />
    <Select
      className=""
      hideLabel={true}
      name="instrument"
      onChange={[Function]}
      options={Array []}
      placeholder=""
      translation="BUY_SELL"
      value="BTCUSD"
      writeOnce={false}
    />
  </div>
  <div
    className="buy-sell-option-container"
  >
    <BuySellOption
      amount={100}
      baseCurrency="BTC"
      key="0"
      quantity={0.03333333}
      quoteCurrency="USD"
      t="BUY_SELL"
      transactionType="buy"
    />
    <BuySellOption
      amount={200}
      baseCurrency="BTC"
      key="1"
      quantity={0.06666666}
      quoteCurrency="USD"
      t="BUY_SELL"
      transactionType="buy"
    />
    <BuySellOption
      amount={500}
      baseCurrency="BTC"
      key="2"
      quantity={0.16666666}
      quoteCurrency="USD"
      t="BUY_SELL"
      transactionType="buy"
    />
    <BuySellOption
      amount={1000}
      baseCurrency="BTC"
      key="3"
      quantity={0.33333333}
      quoteCurrency="USD"
      t="BUY_SELL"
      transactionType="buy"
    />
  </div>
  <div
    className="custom-amount-container"
  >
    <p>
      <Link
        replace={false}
        to="/buy-sell-custom"
      >
        Click here
      </Link>
       
      to input a custom amount of digital currency.
    </p>
  </div>
</Connect(SimpleUiWrapper)>
`;
