// Jest Snapshot v1, https://goo.gl/fbAQLP

exports[`<MaintenanceOverlay/> renders and matches the snapshot 1`] = `
<div
  className="maintenance-mode"
>
  <div
    className="maintenance-mode-container"
  >
    <div
      className="logo-container"
    >
      <img
        className="login-home-splash-logo company-logo-svg"
        src="images/logos/company-logo-white.png"
      />
    </div>
    <div
      className="maintenance-mode-content"
      dangerouslySetInnerHTML={
        Object {
          "__html": "This page is currently undergoing maintenance.",
        }
      }
    />
  </div>
</div>
`;
