// Jest Snapshot v1, https://goo.gl/fbAQLP

exports[`<MaintenanceMessage/> renders and matches the snapshot 1`] = `
<div
  className="maintenance-message maintenance-message--simple-ui "
>
  <div
    className="maintenance-message-container maintenance-message-container--simple-ui"
  >
    <div
      className="maintenance-message-content"
      dangerouslySetInnerHTML={
        Object {
          "__html": "Some pages are temporarily unavailable.",
        }
      }
    />
    <div
      className="maintenance-message-close"
      onClick={[Function]}
    >
      <i
        className="fas fa-window-close"
      />
    </div>
  </div>
</div>
`;
