// Jest Snapshot v1, https://goo.gl/fbAQLP

exports[`<BuySellOption/> renders with default props and matches the snapshot 1`] = `
<div
  className="buy-sell-option"
>
  <div
    className="quantity-container"
  >
    <div
      className="transaction-type"
    >
      buy
    </div>
    <div>
      ~10
    </div>
    <div>
      BTC
    </div>
  </div>
  <div
    className="amount-container"
  >
    <div
      className="for"
    >
      For
    </div>
    <div
      className="amount"
    >
      <div>
        $10
      </div>
      <div>
        USD
      </div>
    </div>
    <div>
      <Button
        className=""
        disabled={true}
        loading={false}
        loadingStatus={false}
        onClick={[Function]}
        type="button"
      >
        Select
      </Button>
    </div>
  </div>
</div>
`;
