// Jest Snapshot v1, https://goo.gl/fbAQLP

exports[`<Balances/> renders the balances and matches the snapshot 1`] = `
<Accordion
  accordionButton={
    <React.Fragment>
      <i
        className="fas fa-wallet"
      />
      Balances
    </React.Fragment>
  }
>
  <ul>
    <li
      key="0"
    >
      USD
      <span>
        5000
      </span>
    </li>
    <li
      key="1"
    >
      BTC
      <span>
        2
      </span>
    </li>
    <li
      key="2"
    >
      ETH
      <span>
        20
      </span>
    </li>
    <li
      key="3"
    >
      LTC
      <span>
        20
      </span>
    </li>
    <li
      key="4"
    >
      XRP
      <span>
        5000
      </span>
    </li>
    <li
      key="5"
    >
      BCH
      <span>
        20
      </span>
    </li>
    <li
      key="6"
    >
      XMR
      <span>
        20
      </span>
    </li>
  </ul>
</Accordion>
`;
