// Jest Snapshot v1, https://goo.gl/fbAQLP

exports[`<HelpAnswer/> renders and matches the snapshot 1`] = `
<Accordion
  accordionButton={
    <React.Fragment>
      <div
        className="question"
      >
        mock question
      </div>
    </React.Fragment>
  }
  className="help-answer-container"
>
  <div
    className="answer"
  >
    mock answer
  </div>
</Accordion>
`;
