// Jest Snapshot v1, https://goo.gl/fbAQLP

exports[`<AccountBalanceContainer/> renders and matches the snapshot 1`] = `
<WidgetWrapper
  classNames={
    Array [
      "account-balance",
    ]
  }
  tabs={
    Array [
      "Account Balance",
    ]
  }
>
  <Connect(AccountBalance) />
</WidgetWrapper>
`;
