// Jest Snapshot v1, https://goo.gl/fbAQLP

exports[`<MobileUIContainer/> renders and matches the snapshot 1`] = `
<Fragment>
  <header
    className="mobile-header"
  >
    <Connect(TradeHeader) />
  </header>
  <div
    className="mobile-nav"
  >
    <span
      className=""
      key="0"
      onClick={[Function]}
    >
      Charts
    </span>
    <span
      className=""
      key="1"
      onClick={[Function]}
    >
      Book
    </span>
    <span
      className="active"
      key="2"
      onClick={[Function]}
    >
      Trade
    </span>
    <span
      className=""
      key="3"
      onClick={[Function]}
    >
      Orders
    </span>
  </div>
  <div
    className="mobile-content"
  >
    <Trade />
  </div>
</Fragment>
`;
