// Jest Snapshot v1, https://goo.gl/fbAQLP

exports[`<OrdersTablesContainer/> renders and matches the snapshot 1`] = `
<WidgetWrapper
  classNames={
    Array [
      "open-orders",
      "filled-orders",
      "inactive-orders",
      "withdraw-status",
    ]
  }
  tabs={
    Array [
      "Open Orders",
      "Filled Orders",
      "Inactive Orders",
      "Withdraw Status",
    ]
  }
>
  <Connect(OpenOrders) />
  <Connect(FilledOrders) />
  <Connect(InactiveOrders) />
  <Connect(WithdrawStatus) />
</WidgetWrapper>
`;
