// Jest Snapshot v1, https://goo.gl/fbAQLP

exports[`<Accordion/> renders with default props and matches the snapshot 1`] = `
<div
  className="accordion  undefined"
>
  <button
    className="accordion-button"
    onClick={[Function]}
  >
    Open
  </button>
  <div
    className="panel"
  >
    <Fade
      cascade={true}
      collapse={true}
      duration={500}
      top={true}
      when={false}
    />
  </div>
</div>
`;
