// Jest Snapshot v1, https://goo.gl/fbAQLP

exports[`<CopyToClipboard/> renders with custom props and matches snapshot 1`] = `
<span
  className="copy-text"
>
  <span
    className="element-copy-text"
    data-html={true}
    data-tip="Click to copy"
    onClick={[Function]}
  >
    7s89dfs7-dfjsd893r-dfsf93
  </span>
  <ReactTooltip
    clickable={false}
    insecure={true}
    resizeHide={true}
    wrapper="div"
  />
</span>
`;
