// Jest Snapshot v1, https://goo.gl/fbAQLP

exports[`<ErrorBoundary/> with jsError matches snapshot 1`] = `
<div
  className="error-boundary"
>
  <h2
    className="error-title"
  >
    <i
      className="far fa-exclamation-triangle error-icon"
    />
     
    Something went wrong
  </h2>
  <details
    className="error-details"
  >
    Error: oh no
    <br />
    
    in ProblemChild (created by ErrorBoundary)
    in ErrorBoundary (created by WrapperComponent)
    in WrapperComponent
  </details>
</div>
`;
