// Jest Snapshot v1, https://goo.gl/fbAQLP

exports[`<ErrorTooltip/> renders error messages and matches the snapshot 1`] = `
<Fragment>
  <p
    className="form-icon-container"
    data-html={true}
    data-tip="one<br />two<br />three"
  >
    <i
      className="far error-icon fa-info-circle"
    />
  </p>
  <ReactTooltip
    clickable={false}
    insecure={true}
    resizeHide={true}
    wrapper="div"
  />
</Fragment>
`;
