// Jest Snapshot v1, https://goo.gl/fbAQLP

exports[`<Modal/> renders with default props and matches the snapshot 1`] = `
<CSSTransition
  appear={true}
  classNames="fade"
  in={true}
  timeout={500}
>
  <div
    className="modal-wrapper "
    onClick={[Function]}
  >
    <div
      className="modal-content"
      onClick={[Function]}
    >
      <div
        className="modal-close-button"
        onClick={[Function]}
      >
        <i
          className="far fa-times"
          onClick={[Function]}
        />
      </div>
      <Connect(ErrorBoundary) />
    </div>
  </div>
</CSSTransition>
`;
