// Jest Snapshot v1, https://goo.gl/fbAQLP

exports[`<WidgetWrapper/> renders and matches the snapshot 1`] = `
<WidgetWrapper
  classNames={
    Array [
      "order-entry",
      "balances",
    ]
  }
  tabs={
    Array [
      "Order Entry",
      "Balances",
    ]
  }
>
  <div
    className="component-container order-entry-container"
  >
    <div
      className="component-header"
      onClick={[Function]}
    >
      <ul
        className="component-tabs"
      >
        <li
          className="component-tab link active"
          key="0"
          onClick={[Function]}
        >
          Order Entry
        </li>
        <li
          className="component-tab link"
          key="1"
          onClick={[Function]}
        >
          Balances
        </li>
      </ul>
    </div>
    <div
      className="component-contents"
      onClick={[Function]}
    >
      <Connect(ErrorBoundary)>
        <ErrorBoundary
          config={
            Object {
              "debug": Object {},
            }
          }
          dispatch={[Function]}
        >
          <OrderEntry />
        </ErrorBoundary>
      </Connect(ErrorBoundary)>
    </div>
  </div>
</WidgetWrapper>
`;
