// Jest Snapshot v1, https://goo.gl/fbAQLP

exports[`<AccountHistory/> renders with no transactions and matches the snapshot 1`] = `
<div
  className="account-history"
>
  <Table>
    <TableHeader>
      <TableRow>
        <TableHeaderCell
          className=""
        >
          ID
        </TableHeaderCell>
        <TableHeaderCell
          className=""
        >
          Type
        </TableHeaderCell>
        <TableHeaderCell
          className=""
        >
          Product
        </TableHeaderCell>
        <TableHeaderCell
          className=""
        >
          Total
        </TableHeaderCell>
        <TableHeaderCell
          className=""
        >
          Status
        </TableHeaderCell>
        <TableHeaderCell
          className=""
        >
          Time
        </TableHeaderCell>
      </TableRow>
    </TableHeader>
    <TableBody>
      <TableRow
        key="0"
      >
        <TableCell
          className="empty"
          colSpan={6}
        >
          No transactions to display
        </TableCell>
      </TableRow>
      <TableRow
        key="1"
      >
        <TableCell
          className="empty"
          colSpan={6}
        />
      </TableRow>
      <TableRow
        key="2"
      >
        <TableCell
          className="empty"
          colSpan={6}
        />
      </TableRow>
      <TableRow
        key="3"
      >
        <TableCell
          className="empty"
          colSpan={6}
        />
      </TableRow>
      <TableRow
        key="4"
      >
        <TableCell
          className="empty"
          colSpan={6}
        />
      </TableRow>
      <TableRow
        key="5"
      >
        <TableCell
          className="empty"
          colSpan={6}
        />
      </TableRow>
      <TableRow
        key="6"
      >
        <TableCell
          className="empty"
          colSpan={6}
        />
      </TableRow>
      <TableRow
        key="7"
      >
        <TableCell
          className="empty"
          colSpan={6}
        />
      </TableRow>
    </TableBody>
  </Table>
  <div
    className="table-bottom-bar account-history-bottom-bar"
  />
</div>
`;
