// Jest Snapshot v1, https://goo.gl/fbAQLP

exports[`<AddressSkeleton/> renders and matches the snapshot 1`] = `
<Fragment>
  <div
    className="crypto-address-qr-code"
  >
    <div
      className="placeholder"
    />
  </div>
  <div
    className="crypto-address-text placeholder"
  >
    <div
      className="crypto-address-title placeholder"
    />
    <div
      className="crypto-address-code placeholder"
    />
  </div>
</Fragment>
`;
