// Jest Snapshot v1, https://goo.gl/fbAQLP

exports[`<CurrentBalances/> Rendering of balances table renders with data and matches the snapshot 1`] = `
<div
  className="current-balances"
>
  <div
    className="current-balances-header"
  >
    <h3>
      Current Balances
    </h3>
    <div
      className="balances-filter-container"
    >
      <input
        className="balances-filter"
        onChange={[Function]}
        placeholder="Filter"
        value=""
      />
    </div>
  </div>
  <Table>
    <TableHeader>
      <TableRow>
        <TableHeaderCell
          className="product"
          onClick={[Function]}
        >
          <span
            className=""
          >
            Currency
          </span>
        </TableHeaderCell>
        <TableHeaderCell
          className="balance"
          onClick={[Function]}
        >
          <span
            className=""
          >
            Balance
          </span>
        </TableHeaderCell>
        <TableHeaderCell
          className="hold"
          onClick={[Function]}
        >
          <span
            className=""
          >
            Hold
          </span>
        </TableHeaderCell>
        <TableHeaderCell
          className="account-actions"
        >
          Account Actions
        </TableHeaderCell>
      </TableRow>
    </TableHeader>
    <TableBody>
      <TableRow
        key="USD"
      >
        <TableCell
          className="product"
        >
          <span
            className=""
            key="0"
          >
            USD
          </span>
        </TableCell>
        <TableCell
          className="balance"
        >
          5540.87
        </TableCell>
        <TableCell
          className="hold"
        >
          2540.87
        </TableCell>
        <TableCell
          className="account-actions"
        >
          <div
            className="action-buttons"
          >
            <Button
              className=""
              disabled={false}
              loading={false}
              loadingStatus={false}
              onClick={[Function]}
              type="button"
            >
              Deposit
            </Button>
            <Button
              className=""
              disabled={false}
              loading={false}
              loadingStatus={false}
              onClick={[Function]}
              type="button"
            >
              Withdraw
            </Button>
          </div>
        </TableCell>
      </TableRow>
      <TableRow
        key="BTC"
      >
        <TableCell
          className="product"
        >
          <span
            className=""
            key="0"
          >
            BTC
          </span>
        </TableCell>
        <TableCell
          className="balance"
        >
          0
        </TableCell>
        <TableCell
          className="hold"
        >
          0
        </TableCell>
        <TableCell
          className="account-actions"
        >
          <div
            className="action-buttons"
          >
            <Button
              className=""
              disabled={false}
              loading={false}
              loadingStatus={false}
              onClick={[Function]}
              type="button"
            >
              Deposit
            </Button>
            <Button
              className=""
              disabled={false}
              loading={false}
              loadingStatus={false}
              onClick={[Function]}
              type="button"
            >
              Withdraw
            </Button>
          </div>
        </TableCell>
      </TableRow>
      <TableRow
        key="XRP"
      >
        <TableCell
          className="product"
        >
          <span
            className=""
            key="0"
          >
            XRP
          </span>
        </TableCell>
        <TableCell
          className="balance"
        >
          0
        </TableCell>
        <TableCell
          className="hold"
        >
          0
        </TableCell>
        <TableCell
          className="account-actions"
        >
          <div
            className="action-buttons"
          >
            <Button
              className=""
              disabled={false}
              loading={false}
              loadingStatus={false}
              onClick={[Function]}
              type="button"
            >
              Deposit
            </Button>
            <Button
              className=""
              disabled={false}
              loading={false}
              loadingStatus={false}
              onClick={[Function]}
              type="button"
            >
              Withdraw
            </Button>
          </div>
        </TableCell>
      </TableRow>
    </TableBody>
  </Table>
  <div
    className="table-bottom-bar current-balances-bottom-bar"
  />
</div>
`;
