// Jest Snapshot v1, https://goo.gl/fbAQLP

exports[`<DepositFiat/> renders and matches the snapshot 1`] = `
<Fragment>
  <p>
    DEPOSIT.BANK_USD
  </p>
  <p>
    DEPOSIT.BANK_USD
  </p>
  <p>
    DEPOSIT.BANK_USD
  </p>
  <p>
    DEPOSIT.BANK_USD
  </p>
  <Connect(FormContainer)
    buttons={
      Array [
        Object {
          "name": "Close",
          "onClick": [Function],
        },
      ]
    }
    className="deposit-fiat-form"
    fields={
      Array [
        Object {
          "name": "Amount",
          "required": true,
          "translation": "AMOUNT",
          "type": "text",
          "validations": Object {
            "onBlur": Array [
              Object {
                "name": "amount",
              },
            ],
          },
        },
      ]
    }
    key="deposit-fiat-form"
    onSubmit={[Function]}
    submitText="Submit"
    translation="DEPOSIT_FIAT_MODAL"
  />
</Fragment>
`;
