// Jest Snapshot v1, https://goo.gl/fbAQLP

exports[`<RecentTransactions/> renders, dispatches loadData on mount, and matches the snapshot 1`] = `
<div
  className="recent-transactions"
>
  <h3>
    Recent Transactions
  </h3>
  <Table
    className="recent-transactions-table"
  >
    <TableHeader>
      <TableRow>
        <TableHeaderCell
          className=""
        >
          Order ID
        </TableHeaderCell>
        <TableHeaderCell
          className=""
        >
          Pair
        </TableHeaderCell>
        <TableHeaderCell
          className=""
        >
          Side
        </TableHeaderCell>
        <TableHeaderCell
          className=""
        >
          Size
        </TableHeaderCell>
        <TableHeaderCell
          className=""
        >
          Price
        </TableHeaderCell>
        <TableHeaderCell
          className=""
        >
          Total
        </TableHeaderCell>
        <TableHeaderCell
          className=""
        >
          Time
        </TableHeaderCell>
      </TableRow>
    </TableHeader>
    <TableBody>
      <TableRow
        key="0"
      >
        <TableCell
          className="cell empty"
          colSpan={7}
        >
          No transactions to display
        </TableCell>
      </TableRow>
      <TableRow
        key="1"
      >
        <TableCell
          className="cell empty"
          colSpan={7}
        />
      </TableRow>
      <TableRow
        key="2"
      >
        <TableCell
          className="cell empty"
          colSpan={7}
        />
      </TableRow>
      <TableRow
        key="3"
      >
        <TableCell
          className="cell empty"
          colSpan={7}
        />
      </TableRow>
      <TableRow
        key="4"
      >
        <TableCell
          className="cell empty"
          colSpan={7}
        />
      </TableRow>
      <TableRow
        key="5"
      >
        <TableCell
          className="cell empty"
          colSpan={7}
        />
      </TableRow>
      <TableRow
        key="6"
      >
        <TableCell
          className="cell empty"
          colSpan={7}
        />
      </TableRow>
      <TableRow
        key="7"
      >
        <TableCell
          className="cell empty"
          colSpan={7}
        />
      </TableRow>
      <TableRow
        key="8"
      >
        <TableCell
          className="cell empty"
          colSpan={7}
        />
      </TableRow>
      <TableRow
        key="9"
      >
        <TableCell
          className="cell empty"
          colSpan={7}
        />
      </TableRow>
    </TableBody>
  </Table>
  <div
    className="table-bottom-bar recent-transactions-bottom-bar"
  />
</div>
`;
