// Jest Snapshot v1, https://goo.gl/fbAQLP

exports[`<TransactionModal/> renders with transactionType deposit and matches the snapshot 1`] = `
<Connect(Modal)
  className="deposit-crypto"
  onClose={[Function]}
>
  <h3>
    Two-factor authentication is required for making deposits and withdraws.
  </h3>
  <p>
    <Link
      replace={false}
      to="/settings"
    >
      Click here to change your 2FA settings.
    </Link>
  </p>
</Connect(Modal)>
`;
