// Jest Snapshot v1, https://goo.gl/fbAQLP

exports[`<Withdraw/> renders and matches the snapshot 1`] = `
<Form
  onSubmit={[Function]}
>
  <TextInput
    className=""
    disabled={true}
    errorMessages={Array []}
    hideInput={false}
    name="Amount"
    onChange={[Function]}
    placeholder=""
    placeholderParam={Object {}}
    type="text"
    value=""
    writeOnce={false}
  />
  <TextInput
    className=""
    disabled={true}
    errorMessages={Array []}
    hideInput={false}
    name="Address"
    onChange={[Function]}
    placeholder=""
    placeholderParam={Object {}}
    type="text"
    value=""
    writeOnce={false}
  />
  <Button
    className=""
    disabled={false}
    loading={false}
    loadingStatus={false}
    onClick={[Function]}
    type="submit"
  >
    Withdraw
  </Button>
</Form>
`;
