// Jest Snapshot v1, https://goo.gl/fbAQLP

exports[`<HomeItem/> renders the props correctly and matches the snapshot 1`] = `
<div
  className="item"
>
  <h4>
    mockHeader
  </h4>
  <div
    className="item-container"
  >
    <div
      className="icon"
    >
      <div
        className="icon-inner"
      >
        <svg>
          <circle />
        </svg>
      </div>
    </div>
    <div
      className="item-content"
    >
      <p>
        mock content
      </p>
      <div>
        <button>
          mock action
        </button>
      </div>
    </div>
    <div
      className="check"
    >
      <div
        className="check-inner"
      >
        <CheckIcon />
      </div>
    </div>
  </div>
</div>
`;
