// Jest Snapshot v1, https://goo.gl/fbAQLP

exports[`<BuyCrypto/> renders and matches the snapshot 1`] = `
<div
  id="buyCrypto"
>
  <h1>
    The Best Way to Purchase Cryptos
  </h1>
  <h3>
    Effortlessly connect with the digital economy with our user-friendly interface.
  </h3>
  <Link
    replace={false}
    to="signup"
  >
    <button>
      Get Started
    </button>
  </Link>
</div>
`;
