// Jest Snapshot v1, https://goo.gl/fbAQLP

exports[`<Features/> renders and matches the snapshot 1`] = `
<div
  id="features"
>
  <Fade
    left={true}
  >
    <div
      className="feat-list-content"
    >
      <img
        className="content-icon"
        src="images/icons/SiteIcons2-01.svg"
      />
      <h5
        className="subtitle force-flex-break"
      >
        Next Gen Crypto Exchange
      </h5>
      <p>
        Lorem ipsum dolor sit amet, consectetur adipiscing elit. Aliquam porttitor, nunc nec mattis finibus, nulla eros suscipit nibh
      </p>
    </div>
  </Fade>
  <Fade
    right={true}
  >
    <div
      className="feat-list-content"
    >
      <img
        className="content-icon"
        src="images/icons/SiteIcons2-02.svg"
      />
      <h5
        className="subtitle force-flex-break"
      >
        Market Data Streaming
      </h5>
      <p>
        Lorem ipsum dolor sit amet, consectetur adipiscing elit. Aliquam porttitor, nunc nec mattis finibus, nulla eros suscipit nibh
      </p>
    </div>
  </Fade>
  <Fade
    left={true}
  >
    <div
      className="feat-list-content"
    >
      <img
        className="content-icon"
        src="images/icons/SiteIcons2-03.svg"
      />
      <h5
        className="subtitle force-flex-break"
      >
        Advanced Financial Integrations
      </h5>
      <p>
        Lorem ipsum dolor sit amet, consectetur adipiscing elit. Aliquam porttitor, nunc nec mattis finibus, nulla eros suscipit nibh
      </p>
    </div>
  </Fade>
  <Fade
    right={true}
  >
    <div
      className="feat-list-content"
    >
      <img
        className="content-icon"
        src="images/icons/SiteIcons2-04.svg"
      />
      <h5
        className="subtitle force-flex-break"
      >
        Modular Design
      </h5>
      <p>
        Lorem ipsum dolor sit amet, consectetur adipiscing elit. Aliquam porttitor, nunc nec mattis finibus, nulla eros suscipit nibh
      </p>
    </div>
  </Fade>
</div>
`;
