// Jest Snapshot v1, https://goo.gl/fbAQLP

exports[`<Page404/> renders and matches the snapshot 1`] = `
<div
  id="page404"
>
  <Connect(Nav)
    className="page404-header"
  />
  <div
    className="content"
  >
    <h2
      className="page-header"
    >
      Sorry, page you are looking for not found.
    </h2>
    <h1
      className="page-header-main"
    >
      404
    </h1>
  </div>
  <Footer
    className="page404-footer"
  />
</div>
`;
