// Jest Snapshot v1, https://goo.gl/fbAQLP

exports[`<Select/> renders and matches the snapshot 1`] = `
<label
  className="form-field select mockname"
>
  <div
    className="field-label"
  >
    mockName
  </div>
  <div
    className="field-content"
  >
    <ErrorTooltip
      errorMessages={Array []}
    />
    <select
      disabled={false}
      name="mockname"
      readOnly={false}
    />
  </div>
</label>
`;
