// Jest Snapshot v1, https://goo.gl/fbAQLP

exports[`<TextInput/> renders and matches the snapshot 1`] = `
<label
  className="form-field text-input "
>
  <div
    className="field-label"
  >
    mockName
  </div>
  <div
    className="field-content"
  >
    <ErrorTooltip
      errorMessages={Array []}
    />
    <input
      autoComplete="on"
      disabled={false}
      name="mockname"
      placeholder=""
      type="text"
      value=""
    />
  </div>
</label>
`;
