// Jest Snapshot v1, https://goo.gl/fbAQLP

exports[`<AccountBalance/> renders and matches the snapshot 1`] = `
<Fragment>
  <div
    className="account-balance-header"
  >
    <span
      className="account-balance-product"
    >
      Product
    </span>
    <span
      className="account-balance-available"
    >
      Available
    </span>
    <span
      className="account-balance-total"
    >
      Total
    </span>
  </div>
  <div
    className="account-balance-rows"
  >
    <div
      className="account-balance-row quote-currency-stats"
    >
      <span
        className="account-balance-product"
      >
        USD
      </span>
      <span
        className="account-balance-available"
      >
        4000
      </span>
      <span
        className="account-balance-total"
      >
        5000
      </span>
    </div>
    <div
      className="account-balance-row base-currency-stats"
    >
      <span
        className="account-balance-product"
      >
        BTC
      </span>
      <span
        className="account-balance-available"
      >
        2
      </span>
      <span
        className="account-balance-total"
      >
        2
      </span>
    </div>
  </div>
  <div
    className="account-balance-header all-balances-header"
  >
    <span
      className="account-balance-product"
    />
  </div>
  <div
    className="all-balances-container"
  >
    <ScrollBar
      className=""
      component="div"
      containerRef={[Function]}
    />
  </div>
</Fragment>
`;
