// Jest Snapshot v1, https://goo.gl/fbAQLP

exports[`<DepthChart/> loads data on mount and renders Highcharts instance 1`] = `
Array [
  "depth-chart",
  Object {
    "chart": Object {
      "type": "area",
    },
    "credits": Object {
      "enabled": false,
    },
    "legend": Object {
      "enabled": false,
    },
    "plotOptions": Object {
      "series": Object {
        "marker": Object {
          "enabled": false,
        },
        "step": "left",
      },
    },
    "series": Array [
      Object {
        "data": Array [],
        "name": "Bids",
      },
      Object {
        "data": Array [],
        "name": "Asks",
      },
    ],
    "title": Object {
      "align": "left",
      "text": " ",
    },
    "tooltip": Object {
      "formatter": [Function],
    },
    "xAxis": Object {
      "title": Object {
        "text": "",
      },
    },
    "yAxis": Object {
      "title": Object {
        "text": "",
      },
    },
  },
]
`;
