// Jest Snapshot v1, https://goo.gl/fbAQLP

exports[`<FXBlueChart/> renders and matches the snapshot 1`] = `
<div
  className="fxblue-chart"
>
  <div
    className="chart-timeframe-selector"
  >
    <span
      className="chart-timeframe-option "
      key="0"
      onClick={[Function]}
    >
      1H
    </span>
    <span
      className="chart-timeframe-option "
      key="1"
      onClick={[Function]}
    >
      1D
    </span>
    <span
      className="chart-timeframe-option active"
      key="2"
      onClick={[Function]}
    >
      1W
    </span>
    <span
      className="chart-timeframe-option "
      key="3"
      onClick={[Function]}
    >
      1M
    </span>
    <span
      className="chart-timeframe-option "
      key="4"
      onClick={[Function]}
    >
      3M
    </span>
    <span
      className="chart-timeframe-option "
      key="5"
      onClick={[Function]}
    >
      1Y
    </span>
  </div>
  <ShiftIframe
    allowFullScreen={false}
    height="400px"
    id="fxblue-chart"
    name=""
    src="https://shiftforex.fxbluelabs.com/?css=//localhost/fx-blue-charts.css&bitfinex@BTCGBP&exchangeID=undefined&userID="
    width="100%"
  >
    <p>
      This feature requires iframe-support to display.
    </p>
  </ShiftIframe>
</div>
`;
