// Jest Snapshot v1, https://goo.gl/fbAQLP

exports[`<InactiveOrders/> renders and matches the snapshot 1`] = `
<Fragment>
  <div
    className="table inactive-orders-table"
  >
    <div
      className="table-header inactive-orders-header"
    >
      <span
        className="inactive-orders-account"
      >
        #
      </span>
      <span
        className="inactive-orders-instrument"
      >
        Pair
      </span>
      <span
        className="inactive-orders-side"
      >
        Side
      </span>
      <span
        className="inactive-orders-status"
      >
        Status
      </span>
      <span
        className="inactive-orders-quantity"
      >
        Reason
      </span>
      <span
        className="inactive-orders-time"
      >
        Time
      </span>
    </div>
    <div
      className="table-rows inactive-orders-rows"
    >
      <ScrollBar
        className=""
        component="div"
        containerRef={[Function]}
      >
        <div
          className="table-row inactive-orders-row"
          key="0"
        />
        <div
          className="table-row inactive-orders-row"
          key="1"
        />
        <div
          className="table-row inactive-orders-row"
          key="2"
        />
        <div
          className="table-row inactive-orders-row"
          key="3"
        />
        <div
          className="table-row inactive-orders-row"
          key="4"
        />
        <div
          className="table-row inactive-orders-row"
          key="5"
        />
        <div
          className="table-row inactive-orders-row"
          key="6"
        />
        <div
          className="table-row inactive-orders-row"
          key="7"
        />
        <div
          className="table-row inactive-orders-row"
          key="8"
        />
        <div
          className="table-row inactive-orders-row"
          key="9"
        />
      </ScrollBar>
    </div>
  </div>
  <div
    className="table-bottom-bar inactive-orders-bottom-bar"
  >
    <Paginator
      currentPage={1}
      itemsPerPage={10}
      numItems={0}
      setPage={[Function]}
    />
  </div>
</Fragment>
`;
