// Jest Snapshot v1, https://goo.gl/fbAQLP

exports[`<OrderEntry/> renders and loads data on mount 1`] = `
<div
  className="order-entry-type-buttons"
>
  <div
    className="order-entry-type-button selected"
    key="0"
    onClick={[Function]}
    role="button"
  >
    Market
  </div>
  <div
    className="order-entry-type-button "
    key="1"
    onClick={[Function]}
    role="button"
  >
    Limit
  </div>
  <div
    className="order-entry-type-button "
    key="2"
    onClick={[Function]}
    role="button"
  >
    Stop
  </div>
</div>
`;

exports[`<OrderEntry/> renders and loads data on mount 2`] = `
<div
  className="order-entry-action-buttons"
>
  <div
    className="order-entry-action-button selected"
    onClick={[Function]}
    onKeyPress={[Function]}
    role="button"
  >
    Buy
  </div>
  <div
    className="order-entry-action-button "
    onClick={[Function]}
    onKeyPress={[Function]}
    role="button"
  >
    Sell
  </div>
</div>
`;

exports[`<OrderEntry/> renders and loads data on mount 3`] = `
<div
  className="order-entry-summary"
>
  <div
    className="market-price-label"
  >
    Market Price
    :
  </div>
  <div
    className="market-price"
  >
    4000 USD
  </div>
  <div
    className="order-total-label"
  >
    Order Total
    :
  </div>
  <div
    className="order-total"
  >
    0 USD
  </div>
  <div
    className="fees-label"
  >
    Fees
    :
  </div>
  <div
    className="fees"
  >
    0 BTC
  </div>
  <div
    className="fees-label"
  >
    Net
  </div>
  <div
    className="net"
  >
    0 BTC
  </div>
</div>
`;
