// Jest Snapshot v1, https://goo.gl/fbAQLP

exports[`<TradeUI/> Basics renders and matches the snapshot 1`] = `
<div
  className="trade-ui-container"
>
  <header
    className="trade-header"
  >
    <Connect(TradeHeader) />
  </header>
  <div
    className="trade-ui"
  >
    <div
      className="column column-1"
    >
      <div
        className="component"
        id="order-book"
      >
        <Connect(ErrorBoundary)>
          <OrderBookTradesContainer />
        </Connect(ErrorBoundary)>
      </div>
    </div>
    <div
      className="column column-2"
    >
      <div
        className="component price-chart"
        id="charts"
      >
        <Connect(ErrorBoundary)>
          <ChartContainer />
        </Connect(ErrorBoundary)>
      </div>
      <div
        className="component orders-table"
        id="orders-table"
      >
        <Connect(ErrorBoundary)>
          <Connect(OrdersTablesContainer) />
        </Connect(ErrorBoundary)>
      </div>
    </div>
    <div
      className="column column-3"
    >
      <div
        className="component order-entry"
        id="order-entry"
      >
        <Connect(ErrorBoundary)>
          <OrderEntryContainer />
        </Connect(ErrorBoundary)>
      </div>
      <div
        className="component account-balance"
        id="account-balance"
      >
        <Connect(ErrorBoundary)>
          <AccountBalanceContainer />
        </Connect(ErrorBoundary)>
      </div>
    </div>
  </div>
</div>
`;
